21517 21516 echo 31  
21516 21515 echo 30  
21515 21514 echo 29  
21514 21513 echo 28  
21513 21512 echo 27  
21512 21511 echo 26  
21511 21510 echo 25  
21510 21509 echo 24  
21509 21508 echo 23  
21508 21507 echo 22  
21507 21506 echo 21  
21506 21505 echo 20  
21505 21504 echo 19  
21504 21503 echo 18  
21503 21502 echo 17  
21502 21501 echo 16  
21501 21500 echo 15  
21500 21499 echo 14  
21499 21498 echo 13  
21498 21497 echo 12  
21497 21496 echo 11  
21496 21495 echo 10  
21495 21494 echo 9 
21494 21493 echo 8 
21493 21492 echo 7 
21492 21491 echo 6 
21491 21490 echo 5 
21490 21489 echo 4 
21489 21488 echo 3 
21488 21487 echo 2 
21487 21486 echo 1 
21486 21485 echo 0
