115#109#196#107#77#69#68#72#69#13#25#51#104#81#60#180#10#87#200#91#143#22#35#1#8#7#
