../Testcases/TestCase2/F1//xai.txt
../Testcases/TestCase2/F1//xaa.txt
../Testcases/TestCase2/F1//xah.txt
../Testcases/TestCase2/F1//xbj.txt
../Testcases/TestCase2/F1//xab.txt
../Testcases/TestCase2/F1//xak.txt
../Testcases/TestCase2/F1//xbi.txt
../Testcases/TestCase2/F1//xbh.txt
../Testcases/TestCase2/F1//xam.txt
../Testcases/TestCase2/F1//xad.txt
